// Jest Snapshot v1, https://goo.gl/fbAQLP

exports[`InputLabel It matches the snapshot 1`] = `
<div>
  <label
    class="inputLabel"
  />
</div>
`;
